// Jest Snapshot v1, https://goo.gl/fbAQLP

exports[`Home matches the snapshot 1`] = `
<Home>
  <h1
    className="title"
  />
  <div
    className="row space-around m-top-8"
  >
    <CustomButton
      className=""
      disabled={false}
      label=""
      loading={false}
      onClick={[Function]}
      type="button"
    >
      <button
        className="button "
        disabled={false}
        onClick={[Function]}
        type="button"
      />
    </CustomButton>
    <CustomButton
      className=""
      disabled={false}
      label=""
      loading={false}
      onClick={[Function]}
      type="button"
    >
      <button
        className="button "
        disabled={false}
        onClick={[Function]}
        type="button"
      />
    </CustomButton>
  </div>
</Home>
`;
